// Jest Snapshot v1, https://goo.gl/fbAQLP

exports[`Representational components Form should render correctly 1`] = `ShallowWrapper {}`;

exports[`Representational components Home should render correctly 1`] = `ShallowWrapper {}`;

exports[`Representational components Menu should render correctly 1`] = `ShallowWrapper {}`;

exports[`Representational components Modal should render correctly 1`] = `ShallowWrapper {}`;

exports[`Representational components NavBar should render correctly 1`] = `ShallowWrapper {}`;

exports[`Representational components NotFound should render correctly 1`] = `ShallowWrapper {}`;

exports[`Representational components Section should render correctly 1`] = `ShallowWrapper {}`;
